Archive member included because of file (symbol)

d:/program file(x86)/atmel/studio/7.0/toolchain/arm/arm-gnu-toolchain/bin/../lib/gcc/arm-none-eabi/4.9.3/../../../../arm-none-eabi/lib/armv6-m\libc_nano.a(lib_a-exit.o)
                              d:/program file(x86)/atmel/studio/7.0/toolchain/arm/arm-gnu-toolchain/bin/../lib/gcc/arm-none-eabi/4.9.3/../../../../arm-none-eabi/lib/armv6-m/crt0.o (exit)
d:/program file(x86)/atmel/studio/7.0/toolchain/arm/arm-gnu-toolchain/bin/../lib/gcc/arm-none-eabi/4.9.3/../../../../arm-none-eabi/lib/armv6-m\libc_nano.a(lib_a-impure.o)
                              d:/program file(x86)/atmel/studio/7.0/toolchain/arm/arm-gnu-toolchain/bin/../lib/gcc/arm-none-eabi/4.9.3/../../../../arm-none-eabi/lib/armv6-m\libc_nano.a(lib_a-exit.o) (_global_impure_ptr)
d:/program file(x86)/atmel/studio/7.0/toolchain/arm/arm-gnu-toolchain/bin/../lib/gcc/arm-none-eabi/4.9.3/../../../../arm-none-eabi/lib/armv6-m\libc_nano.a(lib_a-init.o)
                              d:/program file(x86)/atmel/studio/7.0/toolchain/arm/arm-gnu-toolchain/bin/../lib/gcc/arm-none-eabi/4.9.3/../../../../arm-none-eabi/lib/armv6-m/crt0.o (__libc_init_array)
d:/program file(x86)/atmel/studio/7.0/toolchain/arm/arm-gnu-toolchain/bin/../lib/gcc/arm-none-eabi/4.9.3/../../../../arm-none-eabi/lib/armv6-m\libc_nano.a(lib_a-memset.o)
                              d:/program file(x86)/atmel/studio/7.0/toolchain/arm/arm-gnu-toolchain/bin/../lib/gcc/arm-none-eabi/4.9.3/../../../../arm-none-eabi/lib/armv6-m/crt0.o (memset)

Allocating common symbols
Common symbol       size              file

specialTalk         0x1               main.o
dest_addr           0x4               main.o
i                   0x4               main.o
data_from_flash     0x1               main.o
flash_ptr           0x4               main.o
manual_page_write   0x1               main.o
flash_byte_ptr      0x4               main.o
app_start_address   0x4               main.o

Discarded input sections

 .text          0x00000000        0x0 d:/program file(x86)/atmel/studio/7.0/toolchain/arm/arm-gnu-toolchain/bin/../lib/gcc/arm-none-eabi/4.9.3/armv6-m/crti.o
 .data          0x00000000        0x0 d:/program file(x86)/atmel/studio/7.0/toolchain/arm/arm-gnu-toolchain/bin/../lib/gcc/arm-none-eabi/4.9.3/armv6-m/crti.o
 .bss           0x00000000        0x0 d:/program file(x86)/atmel/studio/7.0/toolchain/arm/arm-gnu-toolchain/bin/../lib/gcc/arm-none-eabi/4.9.3/armv6-m/crti.o
 .data          0x00000000        0x4 d:/program file(x86)/atmel/studio/7.0/toolchain/arm/arm-gnu-toolchain/bin/../lib/gcc/arm-none-eabi/4.9.3/armv6-m/crtbegin.o
 .text          0x00000000       0x78 d:/program file(x86)/atmel/studio/7.0/toolchain/arm/arm-gnu-toolchain/bin/../lib/gcc/arm-none-eabi/4.9.3/../../../../arm-none-eabi/lib/armv6-m/crt0.o
 .data          0x00000000        0x0 d:/program file(x86)/atmel/studio/7.0/toolchain/arm/arm-gnu-toolchain/bin/../lib/gcc/arm-none-eabi/4.9.3/../../../../arm-none-eabi/lib/armv6-m/crt0.o
 .bss           0x00000000        0x0 d:/program file(x86)/atmel/studio/7.0/toolchain/arm/arm-gnu-toolchain/bin/../lib/gcc/arm-none-eabi/4.9.3/../../../../arm-none-eabi/lib/armv6-m/crt0.o
 .ARM.extab     0x00000000        0x0 d:/program file(x86)/atmel/studio/7.0/toolchain/arm/arm-gnu-toolchain/bin/../lib/gcc/arm-none-eabi/4.9.3/../../../../arm-none-eabi/lib/armv6-m/crt0.o
 .ARM.exidx     0x00000000        0x8 d:/program file(x86)/atmel/studio/7.0/toolchain/arm/arm-gnu-toolchain/bin/../lib/gcc/arm-none-eabi/4.9.3/../../../../arm-none-eabi/lib/armv6-m/crt0.o
 .ARM.attributes
                0x00000000       0x1b d:/program file(x86)/atmel/studio/7.0/toolchain/arm/arm-gnu-toolchain/bin/../lib/gcc/arm-none-eabi/4.9.3/../../../../arm-none-eabi/lib/armv6-m/crt0.o
 .group         0x00000000        0x8 Device_Startup/startup_samd09.o
 .group         0x00000000        0x8 Device_Startup/startup_samd09.o
 .group         0x00000000        0x8 Device_Startup/startup_samd09.o
 .group         0x00000000        0x8 Device_Startup/startup_samd09.o
 .group         0x00000000        0x8 Device_Startup/startup_samd09.o
 .group         0x00000000        0x8 Device_Startup/startup_samd09.o
 .group         0x00000000        0x8 Device_Startup/startup_samd09.o
 .group         0x00000000        0x8 Device_Startup/startup_samd09.o
 .group         0x00000000        0x8 Device_Startup/startup_samd09.o
 .group         0x00000000        0x8 Device_Startup/startup_samd09.o
 .group         0x00000000        0x8 Device_Startup/startup_samd09.o
 .group         0x00000000        0x8 Device_Startup/startup_samd09.o
 .group         0x00000000        0x8 Device_Startup/startup_samd09.o
 .group         0x00000000        0x8 Device_Startup/startup_samd09.o
 .group         0x00000000        0x8 Device_Startup/startup_samd09.o
 .group         0x00000000        0x8 Device_Startup/startup_samd09.o
 .group         0x00000000        0x8 Device_Startup/startup_samd09.o
 .group         0x00000000        0x8 Device_Startup/startup_samd09.o
 .group         0x00000000        0x8 Device_Startup/startup_samd09.o
 .group         0x00000000        0x8 Device_Startup/startup_samd09.o
 .group         0x00000000        0x8 Device_Startup/startup_samd09.o
 .group         0x00000000        0x8 Device_Startup/startup_samd09.o
 .group         0x00000000        0x8 Device_Startup/startup_samd09.o
 .group         0x00000000        0x8 Device_Startup/startup_samd09.o
 .group         0x00000000        0x8 Device_Startup/startup_samd09.o
 .group         0x00000000        0x8 Device_Startup/startup_samd09.o
 .group         0x00000000        0x8 Device_Startup/startup_samd09.o
 .group         0x00000000        0x8 Device_Startup/startup_samd09.o
 .group         0x00000000        0x8 Device_Startup/startup_samd09.o
 .group         0x00000000        0x8 Device_Startup/startup_samd09.o
 .group         0x00000000        0x8 Device_Startup/startup_samd09.o
 .group         0x00000000        0x8 Device_Startup/startup_samd09.o
 .group         0x00000000        0x8 Device_Startup/startup_samd09.o
 .group         0x00000000        0x8 Device_Startup/startup_samd09.o
 .group         0x00000000        0x8 Device_Startup/startup_samd09.o
 .group         0x00000000        0x8 Device_Startup/startup_samd09.o
 .group         0x00000000        0x8 Device_Startup/startup_samd09.o
 .group         0x00000000        0x8 Device_Startup/startup_samd09.o
 .group         0x00000000        0x8 Device_Startup/startup_samd09.o
 .group         0x00000000        0x8 Device_Startup/startup_samd09.o
 .group         0x00000000        0x8 Device_Startup/startup_samd09.o
 .group         0x00000000        0x8 Device_Startup/startup_samd09.o
 .group         0x00000000        0x8 Device_Startup/startup_samd09.o
 .group         0x00000000        0x8 Device_Startup/startup_samd09.o
 .group         0x00000000        0x8 Device_Startup/startup_samd09.o
 .group         0x00000000        0x8 Device_Startup/startup_samd09.o
 .group         0x00000000        0x8 Device_Startup/startup_samd09.o
 .group         0x00000000        0x8 Device_Startup/startup_samd09.o
 .group         0x00000000        0x8 Device_Startup/startup_samd09.o
 .group         0x00000000        0x8 Device_Startup/startup_samd09.o
 .group         0x00000000        0x8 Device_Startup/startup_samd09.o
 .text          0x00000000        0x0 Device_Startup/startup_samd09.o
 .data          0x00000000        0x0 Device_Startup/startup_samd09.o
 .bss           0x00000000        0x0 Device_Startup/startup_samd09.o
 .group         0x00000000        0x8 Device_Startup/system_samd09.o
 .group         0x00000000        0x8 Device_Startup/system_samd09.o
 .group         0x00000000        0x8 Device_Startup/system_samd09.o
 .group         0x00000000        0x8 Device_Startup/system_samd09.o
 .group         0x00000000        0x8 Device_Startup/system_samd09.o
 .group         0x00000000        0x8 Device_Startup/system_samd09.o
 .group         0x00000000        0x8 Device_Startup/system_samd09.o
 .group         0x00000000        0x8 Device_Startup/system_samd09.o
 .group         0x00000000        0x8 Device_Startup/system_samd09.o
 .group         0x00000000        0x8 Device_Startup/system_samd09.o
 .group         0x00000000        0x8 Device_Startup/system_samd09.o
 .group         0x00000000        0x8 Device_Startup/system_samd09.o
 .group         0x00000000        0x8 Device_Startup/system_samd09.o
 .group         0x00000000        0x8 Device_Startup/system_samd09.o
 .group         0x00000000        0x8 Device_Startup/system_samd09.o
 .group         0x00000000        0x8 Device_Startup/system_samd09.o
 .group         0x00000000        0x8 Device_Startup/system_samd09.o
 .group         0x00000000        0x8 Device_Startup/system_samd09.o
 .group         0x00000000        0x8 Device_Startup/system_samd09.o
 .group         0x00000000        0x8 Device_Startup/system_samd09.o
 .group         0x00000000        0x8 Device_Startup/system_samd09.o
 .group         0x00000000        0x8 Device_Startup/system_samd09.o
 .group         0x00000000        0x8 Device_Startup/system_samd09.o
 .group         0x00000000        0x8 Device_Startup/system_samd09.o
 .group         0x00000000        0x8 Device_Startup/system_samd09.o
 .group         0x00000000        0x8 Device_Startup/system_samd09.o
 .group         0x00000000        0x8 Device_Startup/system_samd09.o
 .group         0x00000000        0x8 Device_Startup/system_samd09.o
 .group         0x00000000        0x8 Device_Startup/system_samd09.o
 .group         0x00000000        0x8 Device_Startup/system_samd09.o
 .group         0x00000000        0x8 Device_Startup/system_samd09.o
 .group         0x00000000        0x8 Device_Startup/system_samd09.o
 .group         0x00000000        0x8 Device_Startup/system_samd09.o
 .group         0x00000000        0x8 Device_Startup/system_samd09.o
 .group         0x00000000        0x8 Device_Startup/system_samd09.o
 .group         0x00000000        0x8 Device_Startup/system_samd09.o
 .group         0x00000000        0x8 Device_Startup/system_samd09.o
 .group         0x00000000        0x8 Device_Startup/system_samd09.o
 .group         0x00000000        0x8 Device_Startup/system_samd09.o
 .group         0x00000000        0x8 Device_Startup/system_samd09.o
 .group         0x00000000        0x8 Device_Startup/system_samd09.o
 .group         0x00000000        0x8 Device_Startup/system_samd09.o
 .group         0x00000000        0x8 Device_Startup/system_samd09.o
 .group         0x00000000        0x8 Device_Startup/system_samd09.o
 .group         0x00000000        0x8 Device_Startup/system_samd09.o
 .group         0x00000000        0x8 Device_Startup/system_samd09.o
 .group         0x00000000        0x8 Device_Startup/system_samd09.o
 .group         0x00000000        0x8 Device_Startup/system_samd09.o
 .group         0x00000000        0x8 Device_Startup/system_samd09.o
 .group         0x00000000        0x8 Device_Startup/system_samd09.o
 .group         0x00000000        0x8 Device_Startup/system_samd09.o
 .text          0x00000000        0x0 Device_Startup/system_samd09.o
 .data          0x00000000        0x0 Device_Startup/system_samd09.o
 .bss           0x00000000        0x0 Device_Startup/system_samd09.o
 .text.SystemInit
                0x00000000       0x10 Device_Startup/system_samd09.o
 .text.SystemCoreClockUpdate
                0x00000000       0x10 Device_Startup/system_samd09.o
 .data.SystemCoreClock
                0x00000000        0x4 Device_Startup/system_samd09.o
 .debug_info    0x00000000       0xcd Device_Startup/system_samd09.o
 .debug_abbrev  0x00000000       0x65 Device_Startup/system_samd09.o
 .debug_aranges
                0x00000000       0x28 Device_Startup/system_samd09.o
 .debug_ranges  0x00000000       0x18 Device_Startup/system_samd09.o
 .debug_macro   0x00000000      0x232 Device_Startup/system_samd09.o
 .debug_macro   0x00000000      0x838 Device_Startup/system_samd09.o
 .debug_macro   0x00000000       0x22 Device_Startup/system_samd09.o
 .debug_macro   0x00000000       0x44 Device_Startup/system_samd09.o
 .debug_macro   0x00000000       0x58 Device_Startup/system_samd09.o
 .debug_macro   0x00000000       0x22 Device_Startup/system_samd09.o
 .debug_macro   0x00000000      0x1df Device_Startup/system_samd09.o
 .debug_macro   0x00000000       0x3a Device_Startup/system_samd09.o
 .debug_macro   0x00000000       0x3a Device_Startup/system_samd09.o
 .debug_macro   0x00000000       0x1f Device_Startup/system_samd09.o
 .debug_macro   0x00000000      0x250 Device_Startup/system_samd09.o
 .debug_macro   0x00000000      0x8bf Device_Startup/system_samd09.o
 .debug_macro   0x00000000      0xc1a Device_Startup/system_samd09.o
 .debug_macro   0x00000000      0x5b8 Device_Startup/system_samd09.o
 .debug_macro   0x00000000      0x7c8 Device_Startup/system_samd09.o
 .debug_macro   0x00000000      0x4e3 Device_Startup/system_samd09.o
 .debug_macro   0x00000000      0x3a9 Device_Startup/system_samd09.o
 .debug_macro   0x00000000      0x197 Device_Startup/system_samd09.o
 .debug_macro   0x00000000      0x225 Device_Startup/system_samd09.o
 .debug_macro   0x00000000      0x743 Device_Startup/system_samd09.o
 .debug_macro   0x00000000       0x5e Device_Startup/system_samd09.o
 .debug_macro   0x00000000      0x5d8 Device_Startup/system_samd09.o
 .debug_macro   0x00000000      0x3b6 Device_Startup/system_samd09.o
 .debug_macro   0x00000000      0xc55 Device_Startup/system_samd09.o
 .debug_macro   0x00000000     0x1092 Device_Startup/system_samd09.o
 .debug_macro   0x00000000      0xc19 Device_Startup/system_samd09.o
 .debug_macro   0x00000000      0x6bf Device_Startup/system_samd09.o
 .debug_macro   0x00000000      0x34e Device_Startup/system_samd09.o
 .debug_macro   0x00000000       0xa0 Device_Startup/system_samd09.o
 .debug_macro   0x00000000       0xca Device_Startup/system_samd09.o
 .debug_macro   0x00000000       0xb8 Device_Startup/system_samd09.o
 .debug_macro   0x00000000       0x58 Device_Startup/system_samd09.o
 .debug_macro   0x00000000      0x222 Device_Startup/system_samd09.o
 .debug_macro   0x00000000       0x82 Device_Startup/system_samd09.o
 .debug_macro   0x00000000      0x197 Device_Startup/system_samd09.o
 .debug_macro   0x00000000       0xa0 Device_Startup/system_samd09.o
 .debug_macro   0x00000000       0xbe Device_Startup/system_samd09.o
 .debug_macro   0x00000000       0x1c Device_Startup/system_samd09.o
 .debug_macro   0x00000000       0x1c Device_Startup/system_samd09.o
 .debug_macro   0x00000000       0x1c Device_Startup/system_samd09.o
 .debug_macro   0x00000000       0x82 Device_Startup/system_samd09.o
 .debug_macro   0x00000000      0x112 Device_Startup/system_samd09.o
 .debug_macro   0x00000000       0xdc Device_Startup/system_samd09.o
 .debug_macro   0x00000000      0x12f Device_Startup/system_samd09.o
 .debug_macro   0x00000000      0x12f Device_Startup/system_samd09.o
 .debug_macro   0x00000000      0x11e Device_Startup/system_samd09.o
 .debug_macro   0x00000000       0xe2 Device_Startup/system_samd09.o
 .debug_macro   0x00000000       0xe2 Device_Startup/system_samd09.o
 .debug_macro   0x00000000       0x40 Device_Startup/system_samd09.o
 .debug_macro   0x00000000      0x273 Device_Startup/system_samd09.o
 .debug_macro   0x00000000      0xa8f Device_Startup/system_samd09.o
 .debug_macro   0x00000000       0x5f Device_Startup/system_samd09.o
 .debug_line    0x00000000      0x5d1 Device_Startup/system_samd09.o
 .debug_str     0x00000000    0x3fa9c Device_Startup/system_samd09.o
 .comment       0x00000000       0x5c Device_Startup/system_samd09.o
 .debug_frame   0x00000000       0x30 Device_Startup/system_samd09.o
 .ARM.attributes
                0x00000000       0x32 Device_Startup/system_samd09.o
 .group         0x00000000        0x8 main.o
 .group         0x00000000        0x8 main.o
 .group         0x00000000        0x8 main.o
 .group         0x00000000        0x8 main.o
 .group         0x00000000        0x8 main.o
 .group         0x00000000        0x8 main.o
 .group         0x00000000        0x8 main.o
 .group         0x00000000        0x8 main.o
 .group         0x00000000        0x8 main.o
 .group         0x00000000        0x8 main.o
 .group         0x00000000        0x8 main.o
 .group         0x00000000        0x8 main.o
 .group         0x00000000        0x8 main.o
 .group         0x00000000        0x8 main.o
 .group         0x00000000        0x8 main.o
 .group         0x00000000        0x8 main.o
 .group         0x00000000        0x8 main.o
 .group         0x00000000        0x8 main.o
 .group         0x00000000        0x8 main.o
 .group         0x00000000        0x8 main.o
 .group         0x00000000        0x8 main.o
 .group         0x00000000        0x8 main.o
 .group         0x00000000        0x8 main.o
 .group         0x00000000        0x8 main.o
 .group         0x00000000        0x8 main.o
 .group         0x00000000        0x8 main.o
 .group         0x00000000        0x8 main.o
 .group         0x00000000        0x8 main.o
 .group         0x00000000        0x8 main.o
 .group         0x00000000        0x8 main.o
 .group         0x00000000        0x8 main.o
 .group         0x00000000        0x8 main.o
 .group         0x00000000        0x8 main.o
 .group         0x00000000        0x8 main.o
 .group         0x00000000        0x8 main.o
 .group         0x00000000        0x8 main.o
 .group         0x00000000        0x8 main.o
 .group         0x00000000        0x8 main.o
 .group         0x00000000        0x8 main.o
 .group         0x00000000        0x8 main.o
 .group         0x00000000        0x8 main.o
 .group         0x00000000        0x8 main.o
 .group         0x00000000        0x8 main.o
 .group         0x00000000        0x8 main.o
 .group         0x00000000        0x8 main.o
 .group         0x00000000        0x8 main.o
 .group         0x00000000        0x8 main.o
 .group         0x00000000        0x8 main.o
 .group         0x00000000        0x8 main.o
 .group         0x00000000        0x8 main.o
 .group         0x00000000        0x8 main.o
 .group         0x00000000        0x8 main.o
 .text          0x00000000        0x0 main.o
 .data          0x00000000        0x0 main.o
 .bss           0x00000000        0x0 main.o
 .debug_macro   0x00000000      0x838 main.o
 .debug_macro   0x00000000       0x22 main.o
 .debug_macro   0x00000000       0x44 main.o
 .debug_macro   0x00000000       0x58 main.o
 .debug_macro   0x00000000       0x22 main.o
 .debug_macro   0x00000000      0x1df main.o
 .debug_macro   0x00000000       0x3a main.o
 .debug_macro   0x00000000       0x3a main.o
 .debug_macro   0x00000000       0x1f main.o
 .debug_macro   0x00000000      0x250 main.o
 .debug_macro   0x00000000      0x8bf main.o
 .debug_macro   0x00000000      0xc1a main.o
 .debug_macro   0x00000000      0x5b8 main.o
 .debug_macro   0x00000000      0x7c8 main.o
 .debug_macro   0x00000000      0x4e3 main.o
 .debug_macro   0x00000000      0x3a9 main.o
 .debug_macro   0x00000000      0x197 main.o
 .debug_macro   0x00000000      0x225 main.o
 .debug_macro   0x00000000      0x743 main.o
 .debug_macro   0x00000000       0x5e main.o
 .debug_macro   0x00000000      0x5d8 main.o
 .debug_macro   0x00000000      0x3b6 main.o
 .debug_macro   0x00000000      0xc55 main.o
 .debug_macro   0x00000000     0x1092 main.o
 .debug_macro   0x00000000      0xc19 main.o
 .debug_macro   0x00000000      0x6bf main.o
 .debug_macro   0x00000000      0x34e main.o
 .debug_macro   0x00000000       0xa0 main.o
 .debug_macro   0x00000000       0xca main.o
 .debug_macro   0x00000000       0xb8 main.o
 .debug_macro   0x00000000       0x58 main.o
 .debug_macro   0x00000000      0x222 main.o
 .debug_macro   0x00000000       0x82 main.o
 .debug_macro   0x00000000      0x197 main.o
 .debug_macro   0x00000000       0xa0 main.o
 .debug_macro   0x00000000       0xbe main.o
 .debug_macro   0x00000000       0x1c main.o
 .debug_macro   0x00000000       0x1c main.o
 .debug_macro   0x00000000       0x1c main.o
 .debug_macro   0x00000000       0x82 main.o
 .debug_macro   0x00000000      0x112 main.o
 .debug_macro   0x00000000       0xdc main.o
 .debug_macro   0x00000000      0x12f main.o
 .debug_macro   0x00000000      0x12f main.o
 .debug_macro   0x00000000      0x11e main.o
 .debug_macro   0x00000000       0xe2 main.o
 .debug_macro   0x00000000       0xe2 main.o
 .debug_macro   0x00000000       0x40 main.o
 .debug_macro   0x00000000      0x273 main.o
 .debug_macro   0x00000000      0xa8f main.o
 .debug_macro   0x00000000       0x5f main.o
 .group         0x00000000        0x8 nvmctrl.o
 .group         0x00000000        0x8 nvmctrl.o
 .group         0x00000000        0x8 nvmctrl.o
 .group         0x00000000        0x8 nvmctrl.o
 .group         0x00000000        0x8 nvmctrl.o
 .group         0x00000000        0x8 nvmctrl.o
 .group         0x00000000        0x8 nvmctrl.o
 .group         0x00000000        0x8 nvmctrl.o
 .group         0x00000000        0x8 nvmctrl.o
 .group         0x00000000        0x8 nvmctrl.o
 .group         0x00000000        0x8 nvmctrl.o
 .group         0x00000000        0x8 nvmctrl.o
 .group         0x00000000        0x8 nvmctrl.o
 .group         0x00000000        0x8 nvmctrl.o
 .group         0x00000000        0x8 nvmctrl.o
 .group         0x00000000        0x8 nvmctrl.o
 .group         0x00000000        0x8 nvmctrl.o
 .group         0x00000000        0x8 nvmctrl.o
 .group         0x00000000        0x8 nvmctrl.o
 .group         0x00000000        0x8 nvmctrl.o
 .group         0x00000000        0x8 nvmctrl.o
 .group         0x00000000        0x8 nvmctrl.o
 .group         0x00000000        0x8 nvmctrl.o
 .group         0x00000000        0x8 nvmctrl.o
 .group         0x00000000        0x8 nvmctrl.o
 .group         0x00000000        0x8 nvmctrl.o
 .group         0x00000000        0x8 nvmctrl.o
 .group         0x00000000        0x8 nvmctrl.o
 .group         0x00000000        0x8 nvmctrl.o
 .group         0x00000000        0x8 nvmctrl.o
 .group         0x00000000        0x8 nvmctrl.o
 .group         0x00000000        0x8 nvmctrl.o
 .group         0x00000000        0x8 nvmctrl.o
 .group         0x00000000        0x8 nvmctrl.o
 .group         0x00000000        0x8 nvmctrl.o
 .group         0x00000000        0x8 nvmctrl.o
 .group         0x00000000        0x8 nvmctrl.o
 .group         0x00000000        0x8 nvmctrl.o
 .group         0x00000000        0x8 nvmctrl.o
 .group         0x00000000        0x8 nvmctrl.o
 .group         0x00000000        0x8 nvmctrl.o
 .group         0x00000000        0x8 nvmctrl.o
 .group         0x00000000        0x8 nvmctrl.o
 .group         0x00000000        0x8 nvmctrl.o
 .group         0x00000000        0x8 nvmctrl.o
 .group         0x00000000        0x8 nvmctrl.o
 .group         0x00000000        0x8 nvmctrl.o
 .group         0x00000000        0x8 nvmctrl.o
 .group         0x00000000        0x8 nvmctrl.o
 .group         0x00000000        0x8 nvmctrl.o
 .group         0x00000000        0x8 nvmctrl.o
 .group         0x00000000        0x8 nvmctrl.o
 .text          0x00000000        0x0 nvmctrl.o
 .data          0x00000000        0x0 nvmctrl.o
 .bss           0x00000000        0x0 nvmctrl.o
 .debug_macro   0x00000000      0x838 nvmctrl.o
 .debug_macro   0x00000000       0x22 nvmctrl.o
 .debug_macro   0x00000000       0x44 nvmctrl.o
 .debug_macro   0x00000000       0x58 nvmctrl.o
 .debug_macro   0x00000000       0x22 nvmctrl.o
 .debug_macro   0x00000000      0x1df nvmctrl.o
 .debug_macro   0x00000000       0x3a nvmctrl.o
 .debug_macro   0x00000000       0x3a nvmctrl.o
 .debug_macro   0x00000000       0x1f nvmctrl.o
 .debug_macro   0x00000000      0x250 nvmctrl.o
 .debug_macro   0x00000000      0x8bf nvmctrl.o
 .debug_macro   0x00000000      0xc1a nvmctrl.o
 .debug_macro   0x00000000      0x5b8 nvmctrl.o
 .debug_macro   0x00000000      0x7c8 nvmctrl.o
 .debug_macro   0x00000000      0x4e3 nvmctrl.o
 .debug_macro   0x00000000      0x3a9 nvmctrl.o
 .debug_macro   0x00000000      0x197 nvmctrl.o
 .debug_macro   0x00000000      0x225 nvmctrl.o
 .debug_macro   0x00000000      0x743 nvmctrl.o
 .debug_macro   0x00000000       0x5e nvmctrl.o
 .debug_macro   0x00000000      0x5d8 nvmctrl.o
 .debug_macro   0x00000000      0x3b6 nvmctrl.o
 .debug_macro   0x00000000      0xc55 nvmctrl.o
 .debug_macro   0x00000000     0x1092 nvmctrl.o
 .debug_macro   0x00000000      0xc19 nvmctrl.o
 .debug_macro   0x00000000      0x6bf nvmctrl.o
 .debug_macro   0x00000000      0x34e nvmctrl.o
 .debug_macro   0x00000000       0xa0 nvmctrl.o
 .debug_macro   0x00000000       0xca nvmctrl.o
 .debug_macro   0x00000000       0xb8 nvmctrl.o
 .debug_macro   0x00000000       0x58 nvmctrl.o
 .debug_macro   0x00000000      0x222 nvmctrl.o
 .debug_macro   0x00000000       0x82 nvmctrl.o
 .debug_macro   0x00000000      0x197 nvmctrl.o
 .debug_macro   0x00000000       0xa0 nvmctrl.o
 .debug_macro   0x00000000       0xbe nvmctrl.o
 .debug_macro   0x00000000       0x1c nvmctrl.o
 .debug_macro   0x00000000       0x1c nvmctrl.o
 .debug_macro   0x00000000       0x1c nvmctrl.o
 .debug_macro   0x00000000       0x82 nvmctrl.o
 .debug_macro   0x00000000      0x112 nvmctrl.o
 .debug_macro   0x00000000       0xdc nvmctrl.o
 .debug_macro   0x00000000      0x12f nvmctrl.o
 .debug_macro   0x00000000      0x12f nvmctrl.o
 .debug_macro   0x00000000      0x11e nvmctrl.o
 .debug_macro   0x00000000       0xe2 nvmctrl.o
 .debug_macro   0x00000000       0xe2 nvmctrl.o
 .debug_macro   0x00000000       0x40 nvmctrl.o
 .debug_macro   0x00000000      0x273 nvmctrl.o
 .debug_macro   0x00000000      0xa8f nvmctrl.o
 .debug_macro   0x00000000       0x5f nvmctrl.o
 .debug_macro   0x00000000       0x6a nvmctrl.o
 .group         0x00000000        0x8 usart.o
 .group         0x00000000        0x8 usart.o
 .group         0x00000000        0x8 usart.o
 .group         0x00000000        0x8 usart.o
 .group         0x00000000        0x8 usart.o
 .group         0x00000000        0x8 usart.o
 .group         0x00000000        0x8 usart.o
 .group         0x00000000        0x8 usart.o
 .group         0x00000000        0x8 usart.o
 .group         0x00000000        0x8 usart.o
 .group         0x00000000        0x8 usart.o
 .group         0x00000000        0x8 usart.o
 .group         0x00000000        0x8 usart.o
 .group         0x00000000        0x8 usart.o
 .group         0x00000000        0x8 usart.o
 .group         0x00000000        0x8 usart.o
 .group         0x00000000        0x8 usart.o
 .group         0x00000000        0x8 usart.o
 .group         0x00000000        0x8 usart.o
 .group         0x00000000        0x8 usart.o
 .group         0x00000000        0x8 usart.o
 .group         0x00000000        0x8 usart.o
 .group         0x00000000        0x8 usart.o
 .group         0x00000000        0x8 usart.o
 .group         0x00000000        0x8 usart.o
 .group         0x00000000        0x8 usart.o
 .group         0x00000000        0x8 usart.o
 .group         0x00000000        0x8 usart.o
 .group         0x00000000        0x8 usart.o
 .group         0x00000000        0x8 usart.o
 .group         0x00000000        0x8 usart.o
 .group         0x00000000        0x8 usart.o
 .group         0x00000000        0x8 usart.o
 .group         0x00000000        0x8 usart.o
 .group         0x00000000        0x8 usart.o
 .group         0x00000000        0x8 usart.o
 .group         0x00000000        0x8 usart.o
 .group         0x00000000        0x8 usart.o
 .group         0x00000000        0x8 usart.o
 .group         0x00000000        0x8 usart.o
 .group         0x00000000        0x8 usart.o
 .group         0x00000000        0x8 usart.o
 .group         0x00000000        0x8 usart.o
 .group         0x00000000        0x8 usart.o
 .group         0x00000000        0x8 usart.o
 .group         0x00000000        0x8 usart.o
 .group         0x00000000        0x8 usart.o
 .group         0x00000000        0x8 usart.o
 .group         0x00000000        0x8 usart.o
 .group         0x00000000        0x8 usart.o
 .group         0x00000000        0x8 usart.o
 .group         0x00000000        0x8 usart.o
 .text          0x00000000        0x0 usart.o
 .data          0x00000000        0x0 usart.o
 .bss           0x00000000        0x0 usart.o
 .debug_macro   0x00000000      0x838 usart.o
 .debug_macro   0x00000000       0x22 usart.o
 .debug_macro   0x00000000       0x44 usart.o
 .debug_macro   0x00000000       0x58 usart.o
 .debug_macro   0x00000000       0x22 usart.o
 .debug_macro   0x00000000      0x1df usart.o
 .debug_macro   0x00000000       0x3a usart.o
 .debug_macro   0x00000000       0x3a usart.o
 .debug_macro   0x00000000       0x1f usart.o
 .debug_macro   0x00000000      0x250 usart.o
 .debug_macro   0x00000000      0x8bf usart.o
 .debug_macro   0x00000000      0xc1a usart.o
 .debug_macro   0x00000000      0x5b8 usart.o
 .debug_macro   0x00000000      0x7c8 usart.o
 .debug_macro   0x00000000      0x4e3 usart.o
 .debug_macro   0x00000000      0x3a9 usart.o
 .debug_macro   0x00000000      0x197 usart.o
 .debug_macro   0x00000000      0x225 usart.o
 .debug_macro   0x00000000      0x743 usart.o
 .debug_macro   0x00000000       0x5e usart.o
 .debug_macro   0x00000000      0x5d8 usart.o
 .debug_macro   0x00000000      0x3b6 usart.o
 .debug_macro   0x00000000      0xc55 usart.o
 .debug_macro   0x00000000     0x1092 usart.o
 .debug_macro   0x00000000      0xc19 usart.o
 .debug_macro   0x00000000      0x6bf usart.o
 .debug_macro   0x00000000      0x34e usart.o
 .debug_macro   0x00000000       0xa0 usart.o
 .debug_macro   0x00000000       0xca usart.o
 .debug_macro   0x00000000       0xb8 usart.o
 .debug_macro   0x00000000       0x58 usart.o
 .debug_macro   0x00000000      0x222 usart.o
 .debug_macro   0x00000000       0x82 usart.o
 .debug_macro   0x00000000      0x197 usart.o
 .debug_macro   0x00000000       0xa0 usart.o
 .debug_macro   0x00000000       0xbe usart.o
 .debug_macro   0x00000000       0x1c usart.o
 .debug_macro   0x00000000       0x1c usart.o
 .debug_macro   0x00000000       0x1c usart.o
 .debug_macro   0x00000000       0x82 usart.o
 .debug_macro   0x00000000      0x112 usart.o
 .debug_macro   0x00000000       0xdc usart.o
 .debug_macro   0x00000000      0x12f usart.o
 .debug_macro   0x00000000      0x12f usart.o
 .debug_macro   0x00000000      0x11e usart.o
 .debug_macro   0x00000000       0xe2 usart.o
 .debug_macro   0x00000000       0xe2 usart.o
 .debug_macro   0x00000000       0x40 usart.o
 .debug_macro   0x00000000      0x273 usart.o
 .debug_macro   0x00000000      0xa8f usart.o
 .debug_macro   0x00000000       0x5f usart.o
 .debug_macro   0x00000000       0x6a usart.o
 .text          0x00000000        0x0 d:/program file(x86)/atmel/studio/7.0/toolchain/arm/arm-gnu-toolchain/bin/../lib/gcc/arm-none-eabi/4.9.3/../../../../arm-none-eabi/lib/armv6-m\libc_nano.a(lib_a-exit.o)
 .data          0x00000000        0x0 d:/program file(x86)/atmel/studio/7.0/toolchain/arm/arm-gnu-toolchain/bin/../lib/gcc/arm-none-eabi/4.9.3/../../../../arm-none-eabi/lib/armv6-m\libc_nano.a(lib_a-exit.o)
 .bss           0x00000000        0x0 d:/program file(x86)/atmel/studio/7.0/toolchain/arm/arm-gnu-toolchain/bin/../lib/gcc/arm-none-eabi/4.9.3/../../../../arm-none-eabi/lib/armv6-m\libc_nano.a(lib_a-exit.o)
 .text.exit     0x00000000       0x2c d:/program file(x86)/atmel/studio/7.0/toolchain/arm/arm-gnu-toolchain/bin/../lib/gcc/arm-none-eabi/4.9.3/../../../../arm-none-eabi/lib/armv6-m\libc_nano.a(lib_a-exit.o)
 .debug_frame   0x00000000       0x28 d:/program file(x86)/atmel/studio/7.0/toolchain/arm/arm-gnu-toolchain/bin/../lib/gcc/arm-none-eabi/4.9.3/../../../../arm-none-eabi/lib/armv6-m\libc_nano.a(lib_a-exit.o)
 .ARM.attributes
                0x00000000       0x2c d:/program file(x86)/atmel/studio/7.0/toolchain/arm/arm-gnu-toolchain/bin/../lib/gcc/arm-none-eabi/4.9.3/../../../../arm-none-eabi/lib/armv6-m\libc_nano.a(lib_a-exit.o)
 .text          0x00000000        0x0 d:/program file(x86)/atmel/studio/7.0/toolchain/arm/arm-gnu-toolchain/bin/../lib/gcc/arm-none-eabi/4.9.3/../../../../arm-none-eabi/lib/armv6-m\libc_nano.a(lib_a-impure.o)
 .data          0x00000000        0x0 d:/program file(x86)/atmel/studio/7.0/toolchain/arm/arm-gnu-toolchain/bin/../lib/gcc/arm-none-eabi/4.9.3/../../../../arm-none-eabi/lib/armv6-m\libc_nano.a(lib_a-impure.o)
 .bss           0x00000000        0x0 d:/program file(x86)/atmel/studio/7.0/toolchain/arm/arm-gnu-toolchain/bin/../lib/gcc/arm-none-eabi/4.9.3/../../../../arm-none-eabi/lib/armv6-m\libc_nano.a(lib_a-impure.o)
 .data.impure_data
                0x00000000       0x60 d:/program file(x86)/atmel/studio/7.0/toolchain/arm/arm-gnu-toolchain/bin/../lib/gcc/arm-none-eabi/4.9.3/../../../../arm-none-eabi/lib/armv6-m\libc_nano.a(lib_a-impure.o)
 .data._impure_ptr
                0x00000000        0x4 d:/program file(x86)/atmel/studio/7.0/toolchain/arm/arm-gnu-toolchain/bin/../lib/gcc/arm-none-eabi/4.9.3/../../../../arm-none-eabi/lib/armv6-m\libc_nano.a(lib_a-impure.o)
 .rodata.str1.1
                0x00000000        0x2 d:/program file(x86)/atmel/studio/7.0/toolchain/arm/arm-gnu-toolchain/bin/../lib/gcc/arm-none-eabi/4.9.3/../../../../arm-none-eabi/lib/armv6-m\libc_nano.a(lib_a-impure.o)
 .rodata._global_impure_ptr
                0x00000000        0x4 d:/program file(x86)/atmel/studio/7.0/toolchain/arm/arm-gnu-toolchain/bin/../lib/gcc/arm-none-eabi/4.9.3/../../../../arm-none-eabi/lib/armv6-m\libc_nano.a(lib_a-impure.o)
 .ARM.attributes
                0x00000000       0x2c d:/program file(x86)/atmel/studio/7.0/toolchain/arm/arm-gnu-toolchain/bin/../lib/gcc/arm-none-eabi/4.9.3/../../../../arm-none-eabi/lib/armv6-m\libc_nano.a(lib_a-impure.o)
 .text          0x00000000        0x0 d:/program file(x86)/atmel/studio/7.0/toolchain/arm/arm-gnu-toolchain/bin/../lib/gcc/arm-none-eabi/4.9.3/../../../../arm-none-eabi/lib/armv6-m\libc_nano.a(lib_a-init.o)
 .data          0x00000000        0x0 d:/program file(x86)/atmel/studio/7.0/toolchain/arm/arm-gnu-toolchain/bin/../lib/gcc/arm-none-eabi/4.9.3/../../../../arm-none-eabi/lib/armv6-m\libc_nano.a(lib_a-init.o)
 .bss           0x00000000        0x0 d:/program file(x86)/atmel/studio/7.0/toolchain/arm/arm-gnu-toolchain/bin/../lib/gcc/arm-none-eabi/4.9.3/../../../../arm-none-eabi/lib/armv6-m\libc_nano.a(lib_a-init.o)
 .text          0x00000000        0x0 d:/program file(x86)/atmel/studio/7.0/toolchain/arm/arm-gnu-toolchain/bin/../lib/gcc/arm-none-eabi/4.9.3/../../../../arm-none-eabi/lib/armv6-m\libc_nano.a(lib_a-memset.o)
 .data          0x00000000        0x0 d:/program file(x86)/atmel/studio/7.0/toolchain/arm/arm-gnu-toolchain/bin/../lib/gcc/arm-none-eabi/4.9.3/../../../../arm-none-eabi/lib/armv6-m\libc_nano.a(lib_a-memset.o)
 .bss           0x00000000        0x0 d:/program file(x86)/atmel/studio/7.0/toolchain/arm/arm-gnu-toolchain/bin/../lib/gcc/arm-none-eabi/4.9.3/../../../../arm-none-eabi/lib/armv6-m\libc_nano.a(lib_a-memset.o)
 .text.memset   0x00000000       0x10 d:/program file(x86)/atmel/studio/7.0/toolchain/arm/arm-gnu-toolchain/bin/../lib/gcc/arm-none-eabi/4.9.3/../../../../arm-none-eabi/lib/armv6-m\libc_nano.a(lib_a-memset.o)
 .debug_frame   0x00000000       0x20 d:/program file(x86)/atmel/studio/7.0/toolchain/arm/arm-gnu-toolchain/bin/../lib/gcc/arm-none-eabi/4.9.3/../../../../arm-none-eabi/lib/armv6-m\libc_nano.a(lib_a-memset.o)
 .ARM.attributes
                0x00000000       0x2c d:/program file(x86)/atmel/studio/7.0/toolchain/arm/arm-gnu-toolchain/bin/../lib/gcc/arm-none-eabi/4.9.3/../../../../arm-none-eabi/lib/armv6-m\libc_nano.a(lib_a-memset.o)
 .text          0x00000000        0x0 d:/program file(x86)/atmel/studio/7.0/toolchain/arm/arm-gnu-toolchain/bin/../lib/gcc/arm-none-eabi/4.9.3/armv6-m/crtend.o
 .data          0x00000000        0x0 d:/program file(x86)/atmel/studio/7.0/toolchain/arm/arm-gnu-toolchain/bin/../lib/gcc/arm-none-eabi/4.9.3/armv6-m/crtend.o
 .bss           0x00000000        0x0 d:/program file(x86)/atmel/studio/7.0/toolchain/arm/arm-gnu-toolchain/bin/../lib/gcc/arm-none-eabi/4.9.3/armv6-m/crtend.o
 .eh_frame      0x00000000        0x4 d:/program file(x86)/atmel/studio/7.0/toolchain/arm/arm-gnu-toolchain/bin/../lib/gcc/arm-none-eabi/4.9.3/armv6-m/crtend.o
 .jcr           0x00000000        0x4 d:/program file(x86)/atmel/studio/7.0/toolchain/arm/arm-gnu-toolchain/bin/../lib/gcc/arm-none-eabi/4.9.3/armv6-m/crtend.o
 .ARM.attributes
                0x00000000       0x2c d:/program file(x86)/atmel/studio/7.0/toolchain/arm/arm-gnu-toolchain/bin/../lib/gcc/arm-none-eabi/4.9.3/armv6-m/crtend.o
 .text          0x00000000        0x0 d:/program file(x86)/atmel/studio/7.0/toolchain/arm/arm-gnu-toolchain/bin/../lib/gcc/arm-none-eabi/4.9.3/armv6-m/crtn.o
 .data          0x00000000        0x0 d:/program file(x86)/atmel/studio/7.0/toolchain/arm/arm-gnu-toolchain/bin/../lib/gcc/arm-none-eabi/4.9.3/armv6-m/crtn.o
 .bss           0x00000000        0x0 d:/program file(x86)/atmel/studio/7.0/toolchain/arm/arm-gnu-toolchain/bin/../lib/gcc/arm-none-eabi/4.9.3/armv6-m/crtn.o

Memory Configuration

Name             Origin             Length             Attributes
rom              0x00000000         0x00004000         xr
ram              0x20000000         0x00001000         xrw
*default*        0x00000000         0xffffffff

Linker script and memory map

LOAD d:/program file(x86)/atmel/studio/7.0/toolchain/arm/arm-gnu-toolchain/bin/../lib/gcc/arm-none-eabi/4.9.3/armv6-m/crti.o
LOAD d:/program file(x86)/atmel/studio/7.0/toolchain/arm/arm-gnu-toolchain/bin/../lib/gcc/arm-none-eabi/4.9.3/armv6-m/crtbegin.o
LOAD d:/program file(x86)/atmel/studio/7.0/toolchain/arm/arm-gnu-toolchain/bin/../lib/gcc/arm-none-eabi/4.9.3/../../../../arm-none-eabi/lib/armv6-m/crt0.o
LOAD Device_Startup/startup_samd09.o
LOAD Device_Startup/system_samd09.o
LOAD main.o
LOAD nvmctrl.o
LOAD usart.o
START GROUP
LOAD d:/program file(x86)/atmel/studio/7.0/toolchain/arm/arm-gnu-toolchain/bin/../lib/gcc/arm-none-eabi/4.9.3/../../../../arm-none-eabi/lib/armv6-m\libm.a
END GROUP
START GROUP
LOAD d:/program file(x86)/atmel/studio/7.0/toolchain/arm/arm-gnu-toolchain/bin/../lib/gcc/arm-none-eabi/4.9.3/armv6-m\libgcc.a
LOAD d:/program file(x86)/atmel/studio/7.0/toolchain/arm/arm-gnu-toolchain/bin/../lib/gcc/arm-none-eabi/4.9.3/../../../../arm-none-eabi/lib/armv6-m\libc_nano.a
END GROUP
START GROUP
LOAD d:/program file(x86)/atmel/studio/7.0/toolchain/arm/arm-gnu-toolchain/bin/../lib/gcc/arm-none-eabi/4.9.3/armv6-m\libgcc.a
LOAD d:/program file(x86)/atmel/studio/7.0/toolchain/arm/arm-gnu-toolchain/bin/../lib/gcc/arm-none-eabi/4.9.3/../../../../arm-none-eabi/lib/armv6-m\libc_nano.a
END GROUP
LOAD d:/program file(x86)/atmel/studio/7.0/toolchain/arm/arm-gnu-toolchain/bin/../lib/gcc/arm-none-eabi/4.9.3/armv6-m/crtend.o
LOAD d:/program file(x86)/atmel/studio/7.0/toolchain/arm/arm-gnu-toolchain/bin/../lib/gcc/arm-none-eabi/4.9.3/armv6-m/crtn.o
                0x00000400                STACK_SIZE = DEFINED (STACK_SIZE)?STACK_SIZE:DEFINED (__stack_size__)?__stack_size__:0x400

.text           0x00000000      0x604
                0x00000000                . = ALIGN (0x4)
                0x00000000                _sfixed = .
 *(.vectors .vectors.*)
 .vectors       0x00000000       0x8c Device_Startup/startup_samd09.o
                0x00000000                exception_table
 *(.text .text.* .gnu.linkonce.t.*)
 .text          0x0000008c       0x60 d:/program file(x86)/atmel/studio/7.0/toolchain/arm/arm-gnu-toolchain/bin/../lib/gcc/arm-none-eabi/4.9.3/armv6-m/crtbegin.o
 .text.Dummy_Handler
                0x000000ec        0x2 Device_Startup/startup_samd09.o
                0x000000ec                DMAC_Handler
                0x000000ec                HardFault_Handler
                0x000000ec                TC2_Handler
                0x000000ec                SysTick_Handler
                0x000000ec                PendSV_Handler
                0x000000ec                NMI_Handler
                0x000000ec                SERCOM1_Handler
                0x000000ec                ADC_Handler
                0x000000ec                RTC_Handler
                0x000000ec                EIC_Handler
                0x000000ec                WDT_Handler
                0x000000ec                TC1_Handler
                0x000000ec                Dummy_Handler
                0x000000ec                PM_Handler
                0x000000ec                SVC_Handler
                0x000000ec                EVSYS_Handler
                0x000000ec                NVMCTRL_Handler
                0x000000ec                SERCOM0_Handler
                0x000000ec                PTC_Handler
                0x000000ec                SYSCTRL_Handler
 *fill*         0x000000ee        0x2 
 .text.Reset_Handler
                0x000000f0       0xa4 Device_Startup/startup_samd09.o
                0x000000f0                Reset_Handler
 .text.setup_ptrs
                0x00000194       0x28 main.o
                0x00000194                setup_ptrs
 .text.info     0x000001bc       0x1c main.o
                0x000001bc                info
 .text.startup.main
                0x000001d8      0x218 main.o
                0x000001d8                main
 .text.nvm_erase_row
                0x000003f0       0x34 nvmctrl.o
                0x000003f0                nvm_erase_row
 .text.nvm_write_buffer
                0x00000424       0x80 nvmctrl.o
                0x00000424                nvm_write_buffer
 .text.pin_set_peripheral_function
                0x000004a4       0x4c usart.o
                0x000004a4                pin_set_peripheral_function
 .text.UART_sercom_init
                0x000004f0       0x5c usart.o
                0x000004f0                UART_sercom_init
 .text.uart_write_byte
                0x0000054c       0x28 usart.o
                0x0000054c                uart_write_byte
 .text.sendConfirm
                0x00000574       0x10 usart.o
                0x00000574                sendConfirm
 .text.uart_read_byte
                0x00000584       0x14 usart.o
                0x00000584                uart_read_byte
 .text.__libc_init_array
                0x00000598       0x4c d:/program file(x86)/atmel/studio/7.0/toolchain/arm/arm-gnu-toolchain/bin/../lib/gcc/arm-none-eabi/4.9.3/../../../../arm-none-eabi/lib/armv6-m\libc_nano.a(lib_a-init.o)
                0x00000598                __libc_init_array
 *(.glue_7t)
 .glue_7t       0x00000000        0x0 linker stubs
 *(.glue_7)
 .glue_7        0x00000000        0x0 linker stubs
 *(.rodata .rodata* .gnu.linkonce.r.*)
 *(.ARM.extab* .gnu.linkonce.armextab.*)
                0x000005e4                . = ALIGN (0x4)
 *(.init)
 .init          0x000005e4        0x4 d:/program file(x86)/atmel/studio/7.0/toolchain/arm/arm-gnu-toolchain/bin/../lib/gcc/arm-none-eabi/4.9.3/armv6-m/crti.o
                0x000005e4                _init
 .init          0x000005e8        0x8 d:/program file(x86)/atmel/studio/7.0/toolchain/arm/arm-gnu-toolchain/bin/../lib/gcc/arm-none-eabi/4.9.3/armv6-m/crtn.o
                0x000005f0                . = ALIGN (0x4)
                0x000005f0                __preinit_array_start = .
 *(.preinit_array)
                0x000005f0                __preinit_array_end = .
                0x000005f0                . = ALIGN (0x4)
                0x000005f0                __init_array_start = .
 *(SORT(.init_array.*))
 *(.init_array)
 .init_array    0x000005f0        0x4 d:/program file(x86)/atmel/studio/7.0/toolchain/arm/arm-gnu-toolchain/bin/../lib/gcc/arm-none-eabi/4.9.3/armv6-m/crtbegin.o
                0x000005f4                __init_array_end = .
                0x000005f4                . = ALIGN (0x4)
 *crtbegin.o(.ctors)
 *(EXCLUDE_FILE(*crtend.o) .ctors)
 *(SORT(.ctors.*))
 *crtend.o(.ctors)
                0x000005f4                . = ALIGN (0x4)
 *(.fini)
 .fini          0x000005f4        0x4 d:/program file(x86)/atmel/studio/7.0/toolchain/arm/arm-gnu-toolchain/bin/../lib/gcc/arm-none-eabi/4.9.3/armv6-m/crti.o
                0x000005f4                _fini
 .fini          0x000005f8        0x8 d:/program file(x86)/atmel/studio/7.0/toolchain/arm/arm-gnu-toolchain/bin/../lib/gcc/arm-none-eabi/4.9.3/armv6-m/crtn.o
                0x00000600                . = ALIGN (0x4)
                0x00000600                __fini_array_start = .
 *(.fini_array)
 .fini_array    0x00000600        0x4 d:/program file(x86)/atmel/studio/7.0/toolchain/arm/arm-gnu-toolchain/bin/../lib/gcc/arm-none-eabi/4.9.3/armv6-m/crtbegin.o
 *(SORT(.fini_array.*))
                0x00000604                __fini_array_end = .
 *crtbegin.o(.dtors)
 *(EXCLUDE_FILE(*crtend.o) .dtors)
 *(SORT(.dtors.*))
 *crtend.o(.dtors)
                0x00000604                . = ALIGN (0x4)
                0x00000604                _efixed = .
                0x00000604                PROVIDE (__exidx_start, .)

.vfp11_veneer   0x00000604        0x0
 .vfp11_veneer  0x00000000        0x0 linker stubs

.v4_bx          0x00000604        0x0
 .v4_bx         0x00000000        0x0 linker stubs

.iplt           0x00000604        0x0
 .iplt          0x00000000        0x0 d:/program file(x86)/atmel/studio/7.0/toolchain/arm/arm-gnu-toolchain/bin/../lib/gcc/arm-none-eabi/4.9.3/armv6-m/crtbegin.o

.eh_frame       0x00000604        0x0
 .eh_frame      0x00000604        0x0 d:/program file(x86)/atmel/studio/7.0/toolchain/arm/arm-gnu-toolchain/bin/../lib/gcc/arm-none-eabi/4.9.3/armv6-m/crtbegin.o

.rel.dyn        0x00000604        0x0
 .rel.iplt      0x00000000        0x0 d:/program file(x86)/atmel/studio/7.0/toolchain/arm/arm-gnu-toolchain/bin/../lib/gcc/arm-none-eabi/4.9.3/armv6-m/crtbegin.o

.jcr            0x00000604        0x0
 .jcr           0x00000604        0x0 d:/program file(x86)/atmel/studio/7.0/toolchain/arm/arm-gnu-toolchain/bin/../lib/gcc/arm-none-eabi/4.9.3/armv6-m/crtbegin.o

.igot.plt       0x00000604        0x0
 .igot.plt      0x00000000        0x0 d:/program file(x86)/atmel/studio/7.0/toolchain/arm/arm-gnu-toolchain/bin/../lib/gcc/arm-none-eabi/4.9.3/armv6-m/crtbegin.o

.ARM.exidx
 *(.ARM.exidx* .gnu.linkonce.armexidx.*)
                0x00000604                PROVIDE (__exidx_end, .)
                0x00000604                . = ALIGN (0x4)
                0x00000604                _etext = .

.relocate       0x20000000       0x50 load address 0x00000604
                0x20000000                . = ALIGN (0x4)
                0x20000000                _srelocate = .
 *(.ramfunc .ramfunc.*)
 *(.data .data.*)
 .data.aVER     0x20000000       0x4e main.o
                0x20000000                aVER
 .data.data_8   0x2000004e        0x1 main.o
                0x2000004e                data_8
                0x20000050                . = ALIGN (0x4)
 *fill*         0x2000004f        0x1 
                0x20000050                _erelocate = .

.bss            0x20000050       0x3c load address 0x00000654
                0x20000050                . = ALIGN (0x4)
                0x20000050                _sbss = .
                0x20000050                _szero = .
 *(.bss .bss.*)
 .bss           0x20000050       0x1c d:/program file(x86)/atmel/studio/7.0/toolchain/arm/arm-gnu-toolchain/bin/../lib/gcc/arm-none-eabi/4.9.3/armv6-m/crtbegin.o
 *(COMMON)
 COMMON         0x2000006c       0x20 main.o
                0x2000006c                specialTalk
                0x20000070                dest_addr
                0x20000074                i
                0x20000078                data_from_flash
                0x2000007c                flash_ptr
                0x20000080                manual_page_write
                0x20000084                flash_byte_ptr
                0x20000088                app_start_address
                0x2000008c                . = ALIGN (0x4)
                0x2000008c                _ebss = .
                0x2000008c                _ezero = .

.stack          0x2000008c      0x404 load address 0x00000690
                0x20000090                . = ALIGN (0x8)
 *fill*         0x2000008c        0x4 
                0x20000090                _sstack = .
                0x20000490                . = (. + STACK_SIZE)
 *fill*         0x20000090      0x400 
                0x20000490                . = ALIGN (0x8)
                0x20000490                _estack = .
                0x20000490                . = ALIGN (0x4)
                0x20000490                _end = .
OUTPUT(UART_Bootloader.elf elf32-littlearm)

.ARM.attributes
                0x00000000       0x28
 .ARM.attributes
                0x00000000       0x1e d:/program file(x86)/atmel/studio/7.0/toolchain/arm/arm-gnu-toolchain/bin/../lib/gcc/arm-none-eabi/4.9.3/armv6-m/crti.o
 .ARM.attributes
                0x0000001e       0x2c d:/program file(x86)/atmel/studio/7.0/toolchain/arm/arm-gnu-toolchain/bin/../lib/gcc/arm-none-eabi/4.9.3/armv6-m/crtbegin.o
 .ARM.attributes
                0x0000004a       0x32 Device_Startup/startup_samd09.o
 .ARM.attributes
                0x0000007c       0x32 main.o
 .ARM.attributes
                0x000000ae       0x32 nvmctrl.o
 .ARM.attributes
                0x000000e0       0x32 usart.o
 .ARM.attributes
                0x00000112       0x2c d:/program file(x86)/atmel/studio/7.0/toolchain/arm/arm-gnu-toolchain/bin/../lib/gcc/arm-none-eabi/4.9.3/../../../../arm-none-eabi/lib/armv6-m\libc_nano.a(lib_a-init.o)
 .ARM.attributes
                0x0000013e       0x1e d:/program file(x86)/atmel/studio/7.0/toolchain/arm/arm-gnu-toolchain/bin/../lib/gcc/arm-none-eabi/4.9.3/armv6-m/crtn.o

.comment        0x00000000       0x5b
 .comment       0x00000000       0x5b Device_Startup/startup_samd09.o
                                 0x5c (size before relaxing)
 .comment       0x00000000       0x5c main.o
 .comment       0x00000000       0x5c nvmctrl.o
 .comment       0x00000000       0x5c usart.o

.debug_info     0x00000000     0x7bc1
 .debug_info    0x00000000     0x1a80 Device_Startup/startup_samd09.o
 .debug_info    0x00001a80     0x2a34 main.o
 .debug_info    0x000044b4      0x697 nvmctrl.o
 .debug_info    0x00004b4b     0x3076 usart.o

.debug_abbrev   0x00000000      0x806
 .debug_abbrev  0x00000000      0x1ec Device_Startup/startup_samd09.o
 .debug_abbrev  0x000001ec      0x262 main.o
 .debug_abbrev  0x0000044e      0x1ab nvmctrl.o
 .debug_abbrev  0x000005f9      0x20d usart.o

.debug_loc      0x00000000      0x3cb
 .debug_loc     0x00000000       0x4b Device_Startup/startup_samd09.o
 .debug_loc     0x0000004b      0x10b main.o
 .debug_loc     0x00000156      0x129 nvmctrl.o
 .debug_loc     0x0000027f      0x14c usart.o

.debug_aranges  0x00000000       0xc0
 .debug_aranges
                0x00000000       0x28 Device_Startup/startup_samd09.o
 .debug_aranges
                0x00000028       0x30 main.o
 .debug_aranges
                0x00000058       0x28 nvmctrl.o
 .debug_aranges
                0x00000080       0x40 usart.o

.debug_ranges   0x00000000       0x80
 .debug_ranges  0x00000000       0x18 Device_Startup/startup_samd09.o
 .debug_ranges  0x00000018       0x20 main.o
 .debug_ranges  0x00000038       0x18 nvmctrl.o
 .debug_ranges  0x00000050       0x30 usart.o

.debug_macro    0x00000000     0xa7fe
 .debug_macro   0x00000000      0x22c Device_Startup/startup_samd09.o
 .debug_macro   0x0000022c      0x838 Device_Startup/startup_samd09.o
 .debug_macro   0x00000a64       0x22 Device_Startup/startup_samd09.o
 .debug_macro   0x00000a86       0x44 Device_Startup/startup_samd09.o
 .debug_macro   0x00000aca       0x58 Device_Startup/startup_samd09.o
 .debug_macro   0x00000b22       0x22 Device_Startup/startup_samd09.o
 .debug_macro   0x00000b44      0x1df Device_Startup/startup_samd09.o
 .debug_macro   0x00000d23       0x3a Device_Startup/startup_samd09.o
 .debug_macro   0x00000d5d       0x3a Device_Startup/startup_samd09.o
 .debug_macro   0x00000d97       0x1f Device_Startup/startup_samd09.o
 .debug_macro   0x00000db6      0x250 Device_Startup/startup_samd09.o
 .debug_macro   0x00001006      0x8bf Device_Startup/startup_samd09.o
 .debug_macro   0x000018c5      0xc1a Device_Startup/startup_samd09.o
 .debug_macro   0x000024df      0x5b8 Device_Startup/startup_samd09.o
 .debug_macro   0x00002a97      0x7c8 Device_Startup/startup_samd09.o
 .debug_macro   0x0000325f      0x4e3 Device_Startup/startup_samd09.o
 .debug_macro   0x00003742      0x3a9 Device_Startup/startup_samd09.o
 .debug_macro   0x00003aeb      0x197 Device_Startup/startup_samd09.o
 .debug_macro   0x00003c82      0x225 Device_Startup/startup_samd09.o
 .debug_macro   0x00003ea7      0x743 Device_Startup/startup_samd09.o
 .debug_macro   0x000045ea       0x5e Device_Startup/startup_samd09.o
 .debug_macro   0x00004648      0x5d8 Device_Startup/startup_samd09.o
 .debug_macro   0x00004c20      0x3b6 Device_Startup/startup_samd09.o
 .debug_macro   0x00004fd6      0xc55 Device_Startup/startup_samd09.o
 .debug_macro   0x00005c2b     0x1092 Device_Startup/startup_samd09.o
 .debug_macro   0x00006cbd      0xc19 Device_Startup/startup_samd09.o
 .debug_macro   0x000078d6      0x6bf Device_Startup/startup_samd09.o
 .debug_macro   0x00007f95      0x34e Device_Startup/startup_samd09.o
 .debug_macro   0x000082e3       0xa0 Device_Startup/startup_samd09.o
 .debug_macro   0x00008383       0xca Device_Startup/startup_samd09.o
 .debug_macro   0x0000844d       0xb8 Device_Startup/startup_samd09.o
 .debug_macro   0x00008505       0x58 Device_Startup/startup_samd09.o
 .debug_macro   0x0000855d      0x222 Device_Startup/startup_samd09.o
 .debug_macro   0x0000877f       0x82 Device_Startup/startup_samd09.o
 .debug_macro   0x00008801      0x197 Device_Startup/startup_samd09.o
 .debug_macro   0x00008998       0xa0 Device_Startup/startup_samd09.o
 .debug_macro   0x00008a38       0xbe Device_Startup/startup_samd09.o
 .debug_macro   0x00008af6       0x1c Device_Startup/startup_samd09.o
 .debug_macro   0x00008b12       0x1c Device_Startup/startup_samd09.o
 .debug_macro   0x00008b2e       0x1c Device_Startup/startup_samd09.o
 .debug_macro   0x00008b4a       0x82 Device_Startup/startup_samd09.o
 .debug_macro   0x00008bcc      0x112 Device_Startup/startup_samd09.o
 .debug_macro   0x00008cde       0xdc Device_Startup/startup_samd09.o
 .debug_macro   0x00008dba      0x12f Device_Startup/startup_samd09.o
 .debug_macro   0x00008ee9      0x12f Device_Startup/startup_samd09.o
 .debug_macro   0x00009018      0x11e Device_Startup/startup_samd09.o
 .debug_macro   0x00009136       0xe2 Device_Startup/startup_samd09.o
 .debug_macro   0x00009218       0xe2 Device_Startup/startup_samd09.o
 .debug_macro   0x000092fa       0x40 Device_Startup/startup_samd09.o
 .debug_macro   0x0000933a      0x273 Device_Startup/startup_samd09.o
 .debug_macro   0x000095ad      0xa8f Device_Startup/startup_samd09.o
 .debug_macro   0x0000a03c       0x5f Device_Startup/startup_samd09.o
 .debug_macro   0x0000a09b      0x253 main.o
 .debug_macro   0x0000a2ee       0x6a main.o
 .debug_macro   0x0000a358      0x253 nvmctrl.o
 .debug_macro   0x0000a5ab      0x253 usart.o

.debug_line     0x00000000     0x191f
 .debug_line    0x00000000      0x5e9 Device_Startup/startup_samd09.o
 .debug_line    0x000005e9      0x6ad main.o
 .debug_line    0x00000c96      0x633 nvmctrl.o
 .debug_line    0x000012c9      0x656 usart.o

.debug_str      0x00000000    0x414c2
 .debug_str     0x00000000    0x40154 Device_Startup/startup_samd09.o
                              0x403f9 (size before relaxing)
 .debug_str     0x00040154      0xa13 main.o
                              0x40669 (size before relaxing)
 .debug_str     0x00040b67       0x66 nvmctrl.o
                              0x3fe10 (size before relaxing)
 .debug_str     0x00040bcd      0x8f5 usart.o
                              0x40764 (size before relaxing)

.debug_frame    0x00000000      0x17c
 .debug_frame   0x00000000       0x38 Device_Startup/startup_samd09.o
 .debug_frame   0x00000038       0x5c main.o
 .debug_frame   0x00000094       0x40 nvmctrl.o
 .debug_frame   0x000000d4       0x7c usart.o
 .debug_frame   0x00000150       0x2c d:/program file(x86)/atmel/studio/7.0/toolchain/arm/arm-gnu-toolchain/bin/../lib/gcc/arm-none-eabi/4.9.3/../../../../arm-none-eabi/lib/armv6-m\libc_nano.a(lib_a-init.o)
